// Vitest Snapshot v1, https://vitest.dev/guide/snapshot.html

exports[`bundled country data > matches the recorded address snapshots 1`] = `
{
  "AU": [
    "Recipient, Organization, Address Line 1, Address Line 2, City State 2000",
    "Recipient, Organization, Address Line 1, Address Line 2, City State 2000",
  ],
  "BR": [
    "Recipient, Address Line 1, Address Line 2, District, 01310-100 City - State",
    "Recipient, Address Line 1, Address Line 2, District, 01310-100 City - State",
  ],
  "CA": [
    "Recipient, Organization, Address Line 1, Address Line 2, City, Province K1A 0B1",
    "Recipient, Organization, Address Line 1, Address Line 2, City, Province K1A 0B1",
  ],
  "CN": [
    "ProvinceCityDistrict, Address Line 1, Address Line 2, 100000, Recipient",
    "Recipient, Address Line 2, Address Line 1, District, City, Province 100000",
  ],
  "DE": [
    "Recipient, Organization, Address Line 1, Address Line 2, 10115 City",
    "Recipient, Organization, Address Line 1, Address Line 2, 10115 City",
  ],
  "ES": [
    "Recipient, Organization, Address Line 1, Address Line 2, 28001 City, Province",
    "Recipient, Organization, Address Line 1, Address Line 2, 28001 City, Province",
  ],
  "FR": [
    "Recipient, Organization, Address Line 1, Address Line 2, 75008 City",
    "Recipient, Organization, Address Line 1, Address Line 2, 75008 City",
  ],
  "GB": [
    "Recipient, Organization, Address Line 1, Address Line 2, City, State, SW1A 1AA",
    "Recipient, Organization, Address Line 1, Address Line 2, City, State, SW1A 1AA",
  ],
  "HK": [
    "Recipient, Address Line 1, Address Line 2, District, State",
    "Recipient, Address Line 1, Address Line 2, District, State",
  ],
  "ID": [
    "Recipient, Address Line 1, Ward, District, City, Province 10110",
    "Recipient, Address Line 1, Ward, District, City, Province 10110",
  ],
  "IN": [
    "Recipient, Address Line 1, Address Line 2, City 110001, State",
    "Recipient, Address Line 1, Address Line 2, City 110001, State",
  ],
  "IT": [
    "Recipient, Organization, Address Line 1, Address Line 2, 00187 City Province",
    "Recipient, Organization, Address Line 1, Address Line 2, 00187 City Province",
  ],
  "JP": [
    "〒100-0001, PrefectureCityAddress Line 1, Address Line 2, Recipient",
    "Recipient, Address Line 2, Address Line 1, City, Prefecture 100-0001",
  ],
  "KR": [
    "Province City, Address Line 1, Address Line 2, (04524), Recipient",
    "Recipient, Address Line 2, Address Line 1, City, Province 04524",
  ],
  "MY": [
    "Recipient, Address Line 1, Address Line 2, 50450 City, State",
    "Recipient, Address Line 1, Address Line 2, 50450 City, State",
  ],
  "NL": [
    "Recipient, Organization, Address Line 1, Address Line 2, 1012 AB City",
    "Recipient, Organization, Address Line 1, Address Line 2, 1012 AB City",
  ],
  "PH": [
    "Recipient, Address Line 1, Ward, City, 1000 Province",
    "Recipient, Address Line 1, Ward, City, 1000 Province",
  ],
  "SG": [
    "Recipient, Organization, Address Line 1, Address Line 2, Singapore 238859",
    "Recipient, Organization, Address Line 1, Address Line 2, Singapore 238859",
  ],
  "TH": [
    "Recipient, Address Line 1, Ward, District, Province 10330",
    "Recipient, Address Line 1, Ward, District, Province 10330",
  ],
  "TW": [
    "100, CityDistrict, Address Line 1, Address Line 2, Recipient",
    "Recipient, Address Line 2, Address Line 1, District, City 100",
  ],
  "US": [
    "Recipient, Organization, Address Line 1, Address Line 2, City, State 94103",
    "Recipient, Organization, Address Line 1, Address Line 2, City, State 94103",
  ],
  "VN": [
    "Recipient, Street, Ward, District, City 700000",
    "Recipient, Street, Ward, District, City 700000",
  ],
}
`;

exports[`bundled country data > matches the recorded form schemas 1`] = `
{
  "AU": [
    {
      "label": "Recipient",
      "name": "recipient",
      "order": 0,
      "required": false,
    },
    {
      "label": "Company",
      "name": "organization",
      "order": 1,
      "required": false,
    },
    {
      "label": "Street Address",
      "name": "addressLine1",
      "order": 2,
      "required": true,
    },
    {
      "label": "Address Line 2",
      "name": "addressLine2",
      "order": 3,
      "required": false,
    },
    {
      "label": "Suburb",
      "name": "city",
      "order": 4,
      "required": true,
    },
    {
      "label": "State / Territory",
      "name": "state",
      "order": 5,
      "placeholder": "NSW",
      "required": true,
    },
    {
      "label": "Postcode",
      "name": "postalCode",
      "order": 6,
      "pattern": "^\\d{4}$",
      "placeholder": "2000",
      "required": true,
    },
  ],
  "BR": [
    {
      "label": "Recipient",
      "name": "recipient",
      "order": 0,
      "required": false,
    },
    {
      "label": "Street and Number",
      "name": "addressLine1",
      "order": 1,
      "placeholder": "Av. Paulista, 1578",
      "required": true,
    },
    {
      "label": "Complement",
      "name": "addressLine2",
      "order": 2,
      "required": false,
    },
    {
      "label": "Neighbourhood (Bairro)",
      "name": "district",
      "order": 3,
      "required": false,
    },
    {
      "label": "City",
      "name": "city",
      "order": 4,
      "required": true,
    },
    {
      "label": "State",
      "name": "state",
      "order": 5,
      "placeholder": "SP",
      "required": true,
    },
    {
      "label": "CEP",
      "name": "postalCode",
      "order": 6,
      "pattern": "^\\d{5}-?\\d{3}$",
      "placeholder": "01310-100",
      "required": true,
    },
  ],
  "CA": [
    {
      "label": "Recipient",
      "name": "recipient",
      "order": 0,
      "required": false,
    },
    {
      "label": "Company",
      "name": "organization",
      "order": 1,
      "required": false,
    },
    {
      "label": "Address Line 1",
      "name": "addressLine1",
      "order": 2,
      "required": true,
    },
    {
      "label": "Address Line 2",
      "name": "addressLine2",
      "order": 3,
      "required": false,
    },
    {
      "label": "City",
      "name": "city",
      "order": 4,
      "required": true,
    },
    {
      "label": "Province",
      "name": "province",
      "order": 5,
      "placeholder": "ON",
      "required": true,
    },
    {
      "label": "Postal Code",
      "name": "postalCode",
      "order": 6,
      "pattern": "^[ABCEGHJ-NPRSTVXY]\\d[ABCEGHJ-NPRSTV-Z] ?\\d[ABCEGHJ-NPRSTV-Z]\\d$",
      "placeholder": "K1A 0B1",
      "required": true,
    },
  ],
  "CN": [
    {
      "label": "Province",
      "name": "province",
      "order": 0,
      "required": true,
    },
    {
      "label": "City",
      "name": "city",
      "order": 1,
      "required": true,
    },
    {
      "label": "District",
      "name": "district",
      "order": 2,
      "required": false,
    },
    {
      "label": "Street Address",
      "name": "addressLine1",
      "order": 3,
      "required": true,
    },
    {
      "label": "Building / Room",
      "name": "addressLine2",
      "order": 4,
      "required": false,
    },
    {
      "label": "Postal Code",
      "name": "postalCode",
      "order": 5,
      "pattern": "^\\d{6}$",
      "placeholder": "100000",
      "required": false,
    },
    {
      "label": "Recipient",
      "name": "recipient",
      "order": 6,
      "required": false,
    },
  ],
  "DE": [
    {
      "label": "Recipient",
      "name": "recipient",
      "order": 0,
      "required": false,
    },
    {
      "label": "Company",
      "name": "organization",
      "order": 1,
      "required": false,
    },
    {
      "label": "Street and Number",
      "name": "addressLine1",
      "order": 2,
      "placeholder": "Friedrichstrasse 43",
      "required": true,
    },
    {
      "label": "Address Line 2",
      "name": "addressLine2",
      "order": 3,
      "required": false,
    },
    {
      "label": "Postal Code",
      "name": "postalCode",
      "order": 4,
      "pattern": "^\\d{5}$",
      "placeholder": "10115",
      "required": true,
    },
    {
      "label": "City",
      "name": "city",
      "order": 5,
      "required": true,
    },
  ],
  "ES": [
    {
      "label": "Recipient",
      "name": "recipient",
      "order": 0,
      "required": false,
    },
    {
      "label": "Company",
      "name": "organization",
      "order": 1,
      "required": false,
    },
    {
      "label": "Street Address",
      "name": "addressLine1",
      "order": 2,
      "required": true,
    },
    {
      "label": "Address Line 2",
      "name": "addressLine2",
      "order": 3,
      "required": false,
    },
    {
      "label": "Postal Code",
      "name": "postalCode",
      "order": 4,
      "pattern": "^\\d{5}$",
      "placeholder": "28001",
      "required": true,
    },
    {
      "label": "City",
      "name": "city",
      "order": 5,
      "required": true,
    },
    {
      "label": "Province",
      "name": "province",
      "order": 6,
      "required": false,
    },
  ],
  "FR": [
    {
      "label": "Recipient",
      "name": "recipient",
      "order": 0,
      "required": false,
    },
    {
      "label": "Company",
      "name": "organization",
      "order": 1,
      "required": false,
    },
    {
      "label": "Street Address",
      "name": "addressLine1",
      "order": 2,
      "placeholder": "55 Rue du Faubourg Saint-Honore",
      "required": true,
    },
    {
      "label": "Address Line 2",
      "name": "addressLine2",
      "order": 3,
      "required": false,
    },
    {
      "label": "Postal Code",
      "name": "postalCode",
      "order": 4,
      "pattern": "^\\d{5}$",
      "placeholder": "75008",
      "required": true,
    },
    {
      "label": "City",
      "name": "city",
      "order": 5,
      "required": true,
    },
  ],
  "GB": [
    {
      "label": "Recipient",
      "name": "recipient",
      "order": 0,
      "required": false,
    },
    {
      "label": "Company",
      "name": "organization",
      "order": 1,
      "required": false,
    },
    {
      "label": "Address Line 1",
      "name": "addressLine1",
      "order": 2,
      "required": true,
    },
    {
      "label": "Address Line 2",
      "name": "addressLine2",
      "order": 3,
      "required": false,
    },
    {
      "label": "Town / City",
      "name": "city",
      "order": 4,
      "required": true,
    },
    {
      "label": "County",
      "name": "state",
      "order": 5,
      "required": false,
    },
    {
      "label": "Postcode",
      "name": "postalCode",
      "order": 6,
      "pattern": "^[A-Z]{1,2}\\d[A-Z\\d]? ?\\d[A-Z]{2}$",
      "placeholder": "SW1A 1AA",
      "required": true,
    },
  ],
  "HK": [
    {
      "label": "Recipient",
      "name": "recipient",
      "order": 0,
      "required": false,
    },
    {
      "label": "Flat / Floor / Building",
      "name": "addressLine1",
      "order": 1,
      "required": true,
    },
    {
      "label": "Street",
      "name": "addressLine2",
      "order": 2,
      "required": false,
    },
    {
      "label": "District",
      "name": "district",
      "order": 3,
      "required": true,
    },
    {
      "label": "Region",
      "name": "state",
      "order": 4,
      "placeholder": "Kowloon",
      "required": true,
    },
  ],
  "ID": [
    {
      "label": "Recipient",
      "name": "recipient",
      "order": 0,
      "required": false,
    },
    {
      "label": "Street Address",
      "name": "addressLine1",
      "order": 1,
      "required": true,
    },
    {
      "label": "Kelurahan",
      "name": "ward",
      "order": 2,
      "required": false,
    },
    {
      "label": "Kecamatan",
      "name": "district",
      "order": 3,
      "required": false,
    },
    {
      "label": "City / Regency",
      "name": "city",
      "order": 4,
      "required": true,
    },
    {
      "label": "Province",
      "name": "province",
      "order": 5,
      "required": true,
    },
    {
      "label": "Postal Code",
      "name": "postalCode",
      "order": 6,
      "pattern": "^\\d{5}$",
      "placeholder": "10110",
      "required": true,
    },
  ],
  "IN": [
    {
      "label": "Recipient",
      "name": "recipient",
      "order": 0,
      "required": false,
    },
    {
      "label": "Street Address",
      "name": "addressLine1",
      "order": 1,
      "required": true,
    },
    {
      "label": "Locality",
      "name": "addressLine2",
      "order": 2,
      "required": false,
    },
    {
      "label": "City",
      "name": "city",
      "order": 3,
      "required": true,
    },
    {
      "label": "PIN Code",
      "name": "postalCode",
      "order": 4,
      "pattern": "^\\d{6}$",
      "placeholder": "110001",
      "required": true,
    },
    {
      "label": "State",
      "name": "state",
      "order": 5,
      "required": true,
    },
  ],
  "IT": [
    {
      "label": "Recipient",
      "name": "recipient",
      "order": 0,
      "required": false,
    },
    {
      "label": "Company",
      "name": "organization",
      "order": 1,
      "required": false,
    },
    {
      "label": "Street Address",
      "name": "addressLine1",
      "order": 2,
      "required": true,
    },
    {
      "label": "Address Line 2",
      "name": "addressLine2",
      "order": 3,
      "required": false,
    },
    {
      "label": "CAP",
      "name": "postalCode",
      "order": 4,
      "pattern": "^\\d{5}$",
      "placeholder": "00187",
      "required": true,
    },
    {
      "label": "City",
      "name": "city",
      "order": 5,
      "required": true,
    },
    {
      "label": "Province",
      "name": "province",
      "order": 6,
      "placeholder": "RM",
      "required": true,
    },
  ],
  "JP": [
    {
      "label": "Postal Code",
      "name": "postalCode",
      "order": 0,
      "pattern": "^\\d{3}-\\d{4}$",
      "placeholder": "100-0001",
      "required": true,
    },
    {
      "label": "Prefecture",
      "name": "prefecture",
      "order": 1,
      "required": true,
    },
    {
      "label": "City / Ward",
      "name": "city",
      "order": 2,
      "required": true,
    },
    {
      "label": "Address Line",
      "name": "addressLine1",
      "order": 3,
      "required": true,
    },
    {
      "label": "Building / Room",
      "name": "addressLine2",
      "order": 4,
      "required": false,
    },
    {
      "label": "Recipient",
      "name": "recipient",
      "order": 5,
      "required": false,
    },
  ],
  "KR": [
    {
      "label": "Postal Code",
      "name": "postalCode",
      "order": 0,
      "pattern": "^\\d{5}$",
      "placeholder": "04524",
      "required": true,
    },
    {
      "label": "Province / Metropolitan City",
      "name": "province",
      "order": 1,
      "required": false,
    },
    {
      "label": "City / District",
      "name": "city",
      "order": 2,
      "required": true,
    },
    {
      "label": "Street Address",
      "name": "addressLine1",
      "order": 3,
      "required": true,
    },
    {
      "label": "Building / Unit",
      "name": "addressLine2",
      "order": 4,
      "required": false,
    },
    {
      "label": "Recipient",
      "name": "recipient",
      "order": 5,
      "required": false,
    },
  ],
  "MY": [
    {
      "label": "Recipient",
      "name": "recipient",
      "order": 0,
      "required": false,
    },
    {
      "label": "Street Address",
      "name": "addressLine1",
      "order": 1,
      "required": true,
    },
    {
      "label": "Address Line 2",
      "name": "addressLine2",
      "order": 2,
      "required": false,
    },
    {
      "label": "Postcode",
      "name": "postalCode",
      "order": 3,
      "pattern": "^\\d{5}$",
      "placeholder": "50450",
      "required": true,
    },
    {
      "label": "City",
      "name": "city",
      "order": 4,
      "required": true,
    },
    {
      "label": "State",
      "name": "state",
      "order": 5,
      "required": true,
    },
  ],
  "NL": [
    {
      "label": "Recipient",
      "name": "recipient",
      "order": 0,
      "required": false,
    },
    {
      "label": "Company",
      "name": "organization",
      "order": 1,
      "required": false,
    },
    {
      "label": "Street and Number",
      "name": "addressLine1",
      "order": 2,
      "placeholder": "Damrak 1",
      "required": true,
    },
    {
      "label": "Address Line 2",
      "name": "addressLine2",
      "order": 3,
      "required": false,
    },
    {
      "label": "Postcode",
      "name": "postalCode",
      "order": 4,
      "pattern": "^\\d{4} ?[A-Z]{2}$",
      "placeholder": "1012 AB",
      "required": true,
    },
    {
      "label": "City",
      "name": "city",
      "order": 5,
      "required": true,
    },
  ],
  "PH": [
    {
      "label": "Recipient",
      "name": "recipient",
      "order": 0,
      "required": false,
    },
    {
      "label": "Street Address",
      "name": "addressLine1",
      "order": 1,
      "required": true,
    },
    {
      "label": "Barangay",
      "name": "ward",
      "order": 2,
      "required": false,
    },
    {
      "label": "City / Municipality",
      "name": "city",
      "order": 3,
      "required": true,
    },
    {
      "label": "Province",
      "name": "province",
      "order": 4,
      "required": false,
    },
    {
      "label": "ZIP Code",
      "name": "postalCode",
      "order": 5,
      "pattern": "^\\d{4}$",
      "placeholder": "1000",
      "required": true,
    },
  ],
  "SG": [
    {
      "label": "Recipient",
      "name": "recipient",
      "order": 0,
      "required": false,
    },
    {
      "label": "Company",
      "name": "organization",
      "order": 1,
      "required": false,
    },
    {
      "label": "Block and Street",
      "name": "addressLine1",
      "order": 2,
      "placeholder": "2 Orchard Turn",
      "required": true,
    },
    {
      "label": "Unit Number",
      "name": "addressLine2",
      "order": 3,
      "required": false,
    },
    {
      "label": "Postal Code",
      "name": "postalCode",
      "order": 4,
      "pattern": "^\\d{6}$",
      "placeholder": "238859",
      "required": true,
    },
  ],
  "TH": [
    {
      "label": "Recipient",
      "name": "recipient",
      "order": 0,
      "required": false,
    },
    {
      "label": "Street Address",
      "name": "addressLine1",
      "order": 1,
      "required": true,
    },
    {
      "label": "Sub-district (Khwaeng / Tambon)",
      "name": "ward",
      "order": 2,
      "required": true,
    },
    {
      "label": "District (Khet / Amphoe)",
      "name": "district",
      "order": 3,
      "required": true,
    },
    {
      "label": "Province",
      "name": "province",
      "order": 4,
      "required": true,
    },
    {
      "label": "Postal Code",
      "name": "postalCode",
      "order": 5,
      "pattern": "^\\d{5}$",
      "placeholder": "10330",
      "required": true,
    },
  ],
  "TW": [
    {
      "label": "Postal Code",
      "name": "postalCode",
      "order": 0,
      "pattern": "^\\d{3}(?:\\d{2})?$",
      "placeholder": "100",
      "required": false,
    },
    {
      "label": "City / County",
      "name": "city",
      "order": 1,
      "required": true,
    },
    {
      "label": "District / Township",
      "name": "district",
      "order": 2,
      "required": true,
    },
    {
      "label": "Street Address",
      "name": "addressLine1",
      "order": 3,
      "required": true,
    },
    {
      "label": "Building / Floor",
      "name": "addressLine2",
      "order": 4,
      "required": false,
    },
    {
      "label": "Recipient",
      "name": "recipient",
      "order": 5,
      "required": false,
    },
  ],
  "US": [
    {
      "label": "Recipient",
      "name": "recipient",
      "order": 0,
      "required": false,
    },
    {
      "label": "Company",
      "name": "organization",
      "order": 1,
      "required": false,
    },
    {
      "label": "Address Line 1",
      "name": "addressLine1",
      "order": 2,
      "placeholder": "1600 Amphitheatre Pkwy",
      "required": true,
    },
    {
      "label": "Address Line 2",
      "name": "addressLine2",
      "order": 3,
      "required": false,
    },
    {
      "label": "City",
      "name": "city",
      "order": 4,
      "required": true,
    },
    {
      "label": "State",
      "name": "state",
      "order": 5,
      "placeholder": "CA",
      "required": true,
    },
    {
      "label": "ZIP Code",
      "name": "postalCode",
      "order": 6,
      "pattern": "^\\d{5}(?:-\\d{4})?$",
      "placeholder": "94103",
      "required": true,
    },
  ],
  "VN": [
    {
      "label": "Recipient",
      "name": "recipient",
      "order": 0,
      "required": false,
    },
    {
      "label": "Street Address",
      "name": "street",
      "order": 1,
      "placeholder": "12 Nguyen Trai",
      "required": true,
    },
    {
      "label": "Ward / Commune",
      "name": "ward",
      "order": 2,
      "placeholder": "P.Ben Thanh",
      "required": true,
    },
    {
      "label": "District (legacy, abolished in 2025)",
      "name": "district",
      "order": 3,
      "placeholder": "Q.1",
      "required": false,
    },
    {
      "label": "Province / City",
      "name": "city",
      "order": 4,
      "placeholder": "TP.HCM",
      "required": true,
    },
    {
      "label": "Postal Code",
      "name": "postalCode",
      "order": 5,
      "pattern": "^\\d{6}$",
      "placeholder": "700000",
      "required": false,
    },
  ],
}
`;
